../Drivers/STM32F4xx_HAL_Driver/Src/stm32f4xx_hal_flash_ex.c:59:19:HAL_FLASHEx_Erase	24	static
../Drivers/STM32F4xx_HAL_Driver/Src/stm32f4xx_hal_flash_ex.c:124:19:HAL_FLASHEx_Erase_IT	24	static
../Drivers/STM32F4xx_HAL_Driver/Src/stm32f4xx_hal_flash_ex.c:168:19:HAL_FLASHEx_OBProgram	24	static
../Drivers/STM32F4xx_HAL_Driver/Src/stm32f4xx_hal_flash_ex.c:221:6:HAL_FLASHEx_OBGetConfig	16	static
../Drivers/STM32F4xx_HAL_Driver/Src/stm32f4xx_hal_flash_ex.c:244:19:HAL_FLASHEx_AdvOBProgram	24	static
../Drivers/STM32F4xx_HAL_Driver/Src/stm32f4xx_hal_flash_ex.c:292:6:HAL_FLASHEx_AdvOBGetConfig	16	static
../Drivers/STM32F4xx_HAL_Driver/Src/stm32f4xx_hal_flash_ex.c:312:19:HAL_FLASHEx_OB_SelectPCROP	16	static
../Drivers/STM32F4xx_HAL_Driver/Src/stm32f4xx_hal_flash_ex.c:326:19:HAL_FLASHEx_OB_DeSelectPCROP	16	static
../Drivers/STM32F4xx_HAL_Driver/Src/stm32f4xx_hal_flash_ex.c:640:13:FLASH_MassErase	16	static
../Drivers/STM32F4xx_HAL_Driver/Src/stm32f4xx_hal_flash_ex.c:653:6:FLASH_Erase_Sector	24	static
../Drivers/STM32F4xx_HAL_Driver/Src/stm32f4xx_hal_flash_ex.c:687:26:FLASH_OB_EnableWRP	24	static
../Drivers/STM32F4xx_HAL_Driver/Src/stm32f4xx_hal_flash_ex.c:707:26:FLASH_OB_DisableWRP	24	static
../Drivers/STM32F4xx_HAL_Driver/Src/stm32f4xx_hal_flash_ex.c:731:26:FLASH_OB_EnablePCROP	24	static
../Drivers/STM32F4xx_HAL_Driver/Src/stm32f4xx_hal_flash_ex.c:751:26:FLASH_OB_DisablePCROP	24	static
../Drivers/STM32F4xx_HAL_Driver/Src/stm32f4xx_hal_flash_ex.c:772:26:FLASH_OB_RDP_LevelConfig	24	static
../Drivers/STM32F4xx_HAL_Driver/Src/stm32f4xx_hal_flash_ex.c:791:26:FLASH_OB_UserConfig	24	static
../Drivers/STM32F4xx_HAL_Driver/Src/stm32f4xx_hal_flash_ex.c:817:26:FLASH_OB_BOR_LevelConfig	16	static
../Drivers/STM32F4xx_HAL_Driver/Src/stm32f4xx_hal_flash_ex.c:831:16:FLASH_OB_GetUser	4	static
../Drivers/STM32F4xx_HAL_Driver/Src/stm32f4xx_hal_flash_ex.c:838:17:FLASH_OB_GetWRP	4	static
../Drivers/STM32F4xx_HAL_Driver/Src/stm32f4xx_hal_flash_ex.c:845:16:FLASH_OB_GetRDP	16	static
../Drivers/STM32F4xx_HAL_Driver/Src/stm32f4xx_hal_flash_ex.c:866:16:FLASH_OB_GetBOR	4	static
../Drivers/STM32F4xx_HAL_Driver/Src/stm32f4xx_hal_flash_ex.c:873:6:FLASH_FlushCaches	4	static
