../Drivers/STM32F4xx_HAL_Driver/Src/stm32f4xx_hal_uart.c:50:19:HAL_UART_Init	16	static
../Drivers/STM32F4xx_HAL_Driver/Src/stm32f4xx_hal_uart.c:118:19:HAL_HalfDuplex_Init	16	static
../Drivers/STM32F4xx_HAL_Driver/Src/stm32f4xx_hal_uart.c:180:19:HAL_LIN_Init	16	static
../Drivers/STM32F4xx_HAL_Driver/Src/stm32f4xx_hal_uart.c:249:19:HAL_MultiProcessor_Init	24	static
../Drivers/STM32F4xx_HAL_Driver/Src/stm32f4xx_hal_uart.c:320:19:HAL_UART_DeInit	16	static
../Drivers/STM32F4xx_HAL_Driver/Src/stm32f4xx_hal_uart.c:361:13:HAL_UART_MspInit	16	static
../Drivers/STM32F4xx_HAL_Driver/Src/stm32f4xx_hal_uart.c:369:13:HAL_UART_MspDeInit	16	static
../Drivers/STM32F4xx_HAL_Driver/Src/stm32f4xx_hal_uart.c:630:19:HAL_UART_Transmit	48	static
../Drivers/STM32F4xx_HAL_Driver/Src/stm32f4xx_hal_uart.c:705:19:HAL_UART_Receive	48	static
../Drivers/STM32F4xx_HAL_Driver/Src/stm32f4xx_hal_uart.c:782:19:HAL_UART_Transmit_IT	24	static
../Drivers/STM32F4xx_HAL_Driver/Src/stm32f4xx_hal_uart.c:811:19:HAL_UART_Receive_IT	24	static
../Drivers/STM32F4xx_HAL_Driver/Src/stm32f4xx_hal_uart.c:833:19:HAL_UART_Transmit_DMA	56	static,ignoring_inline_asm
../Drivers/STM32F4xx_HAL_Driver/Src/stm32f4xx_hal_uart.c:891:19:HAL_UART_Receive_DMA	24	static
../Drivers/STM32F4xx_HAL_Driver/Src/stm32f4xx_hal_uart.c:913:19:HAL_UART_DMAPause	120	static,ignoring_inline_asm
../Drivers/STM32F4xx_HAL_Driver/Src/stm32f4xx_hal_uart.c:939:19:HAL_UART_DMAResume	120	static,ignoring_inline_asm
../Drivers/STM32F4xx_HAL_Driver/Src/stm32f4xx_hal_uart.c:968:19:HAL_UART_DMAStop	72	static,ignoring_inline_asm
../Drivers/STM32F4xx_HAL_Driver/Src/stm32f4xx_hal_uart.c:1005:19:HAL_UARTEx_ReceiveToIdle	40	static
../Drivers/STM32F4xx_HAL_Driver/Src/stm32f4xx_hal_uart.c:1118:19:HAL_UARTEx_ReceiveToIdle_IT	56	static,ignoring_inline_asm
../Drivers/STM32F4xx_HAL_Driver/Src/stm32f4xx_hal_uart.c:1160:19:HAL_UARTEx_ReceiveToIdle_DMA	56	static,ignoring_inline_asm
../Drivers/STM32F4xx_HAL_Driver/Src/stm32f4xx_hal_uart.c:1199:29:HAL_UARTEx_GetRxEventType	16	static
../Drivers/STM32F4xx_HAL_Driver/Src/stm32f4xx_hal_uart.c:1206:19:HAL_UART_Abort	136	static,ignoring_inline_asm
../Drivers/STM32F4xx_HAL_Driver/Src/stm32f4xx_hal_uart.c:1282:19:HAL_UART_AbortTransmit	64	static,ignoring_inline_asm
../Drivers/STM32F4xx_HAL_Driver/Src/stm32f4xx_hal_uart.c:1321:19:HAL_UART_AbortReceive	112	static,ignoring_inline_asm
../Drivers/STM32F4xx_HAL_Driver/Src/stm32f4xx_hal_uart.c:1368:19:HAL_UART_Abort_IT	144	static,ignoring_inline_asm
../Drivers/STM32F4xx_HAL_Driver/Src/stm32f4xx_hal_uart.c:1485:19:HAL_UART_AbortTransmit_IT	64	static,ignoring_inline_asm
../Drivers/STM32F4xx_HAL_Driver/Src/stm32f4xx_hal_uart.c:1548:19:HAL_UART_AbortReceive_IT	112	static,ignoring_inline_asm
../Drivers/STM32F4xx_HAL_Driver/Src/stm32f4xx_hal_uart.c:1620:6:HAL_UART_IRQHandler	240	static,ignoring_inline_asm
../Drivers/STM32F4xx_HAL_Driver/Src/stm32f4xx_hal_uart.c:1865:13:HAL_UART_TxCpltCallback	16	static
../Drivers/STM32F4xx_HAL_Driver/Src/stm32f4xx_hal_uart.c:1873:13:HAL_UART_TxHalfCpltCallback	16	static
../Drivers/STM32F4xx_HAL_Driver/Src/stm32f4xx_hal_uart.c:1881:13:HAL_UART_RxCpltCallback	16	static
../Drivers/STM32F4xx_HAL_Driver/Src/stm32f4xx_hal_uart.c:1889:13:HAL_UART_RxHalfCpltCallback	16	static
../Drivers/STM32F4xx_HAL_Driver/Src/stm32f4xx_hal_uart.c:1897:13:HAL_UART_ErrorCallback	16	static
../Drivers/STM32F4xx_HAL_Driver/Src/stm32f4xx_hal_uart.c:1905:13:HAL_UART_AbortCpltCallback	16	static
../Drivers/STM32F4xx_HAL_Driver/Src/stm32f4xx_hal_uart.c:1914:13:HAL_UART_AbortTransmitCpltCallback	16	static
../Drivers/STM32F4xx_HAL_Driver/Src/stm32f4xx_hal_uart.c:1923:13:HAL_UART_AbortReceiveCpltCallback	16	static
../Drivers/STM32F4xx_HAL_Driver/Src/stm32f4xx_hal_uart.c:1932:13:HAL_UARTEx_RxEventCallback	16	static
../Drivers/STM32F4xx_HAL_Driver/Src/stm32f4xx_hal_uart.c:1946:19:HAL_LIN_SendBreak	40	static,ignoring_inline_asm
../Drivers/STM32F4xx_HAL_Driver/Src/stm32f4xx_hal_uart.c:1968:19:HAL_MultiProcessor_EnterMuteMode	40	static,ignoring_inline_asm
../Drivers/STM32F4xx_HAL_Driver/Src/stm32f4xx_hal_uart.c:1991:19:HAL_MultiProcessor_ExitMuteMode	40	static,ignoring_inline_asm
../Drivers/STM32F4xx_HAL_Driver/Src/stm32f4xx_hal_uart.c:2014:19:HAL_HalfDuplex_EnableTransmitter	24	static
../Drivers/STM32F4xx_HAL_Driver/Src/stm32f4xx_hal_uart.c:2044:19:HAL_HalfDuplex_EnableReceiver	24	static
../Drivers/STM32F4xx_HAL_Driver/Src/stm32f4xx_hal_uart.c:2078:23:HAL_UART_GetState	24	static
../Drivers/STM32F4xx_HAL_Driver/Src/stm32f4xx_hal_uart.c:2088:10:HAL_UART_GetError	16	static
../Drivers/STM32F4xx_HAL_Driver/Src/stm32f4xx_hal_uart.c:2118:13:UART_DMATransmitCplt	72	static,ignoring_inline_asm
../Drivers/STM32F4xx_HAL_Driver/Src/stm32f4xx_hal_uart.c:2147:13:UART_DMATxHalfCplt	24	static
../Drivers/STM32F4xx_HAL_Driver/Src/stm32f4xx_hal_uart.c:2161:13:UART_DMAReceiveCplt	120	static,ignoring_inline_asm
../Drivers/STM32F4xx_HAL_Driver/Src/stm32f4xx_hal_uart.c:2215:13:UART_DMARxHalfCplt	24	static
../Drivers/STM32F4xx_HAL_Driver/Src/stm32f4xx_hal_uart.c:2247:13:UART_DMAError	24	static
../Drivers/STM32F4xx_HAL_Driver/Src/stm32f4xx_hal_uart.c:2279:26:UART_WaitOnFlagUntilTimeout	32	static
../Drivers/STM32F4xx_HAL_Driver/Src/stm32f4xx_hal_uart.c:2318:19:UART_Start_Receive_IT	24	static
../Drivers/STM32F4xx_HAL_Driver/Src/stm32f4xx_hal_uart.c:2343:19:UART_Start_Receive_DMA	104	static,ignoring_inline_asm
../Drivers/STM32F4xx_HAL_Driver/Src/stm32f4xx_hal_uart.c:2396:13:UART_EndTxTransfer	40	static,ignoring_inline_asm
../Drivers/STM32F4xx_HAL_Driver/Src/stm32f4xx_hal_uart.c:2406:13:UART_EndRxTransfer	88	static,ignoring_inline_asm
../Drivers/STM32F4xx_HAL_Driver/Src/stm32f4xx_hal_uart.c:2424:13:UART_DMAAbortOnError	24	static
../Drivers/STM32F4xx_HAL_Driver/Src/stm32f4xx_hal_uart.c:2439:13:UART_DMATxAbortCallback	24	static
../Drivers/STM32F4xx_HAL_Driver/Src/stm32f4xx_hal_uart.c:2477:13:UART_DMARxAbortCallback	24	static
../Drivers/STM32F4xx_HAL_Driver/Src/stm32f4xx_hal_uart.c:2515:13:UART_DMATxOnlyAbortCallback	24	static
../Drivers/STM32F4xx_HAL_Driver/Src/stm32f4xx_hal_uart.c:2535:13:UART_DMARxOnlyAbortCallback	24	static
../Drivers/STM32F4xx_HAL_Driver/Src/stm32f4xx_hal_uart.c:2556:26:UART_Transmit_IT	24	static
../Drivers/STM32F4xx_HAL_Driver/Src/stm32f4xx_hal_uart.c:2591:26:UART_EndTransmit_IT	16	static
../Drivers/STM32F4xx_HAL_Driver/Src/stm32f4xx_hal_uart.c:2611:26:UART_Receive_IT	56	static,ignoring_inline_asm
../Drivers/STM32F4xx_HAL_Driver/Src/stm32f4xx_hal_uart.c:2708:13:UART_SetConfig	288	static
