../Drivers/STM32F4xx_HAL_Driver/Src/stm32f4xx_hal.c:61:19:HAL_Init	8	static
../Drivers/STM32F4xx_HAL_Driver/Src/stm32f4xx_hal.c:90:19:HAL_DeInit	8	static
../Drivers/STM32F4xx_HAL_Driver/Src/stm32f4xx_hal.c:116:13:HAL_MspInit	4	static
../Drivers/STM32F4xx_HAL_Driver/Src/stm32f4xx_hal.c:122:13:HAL_MspDeInit	4	static
../Drivers/STM32F4xx_HAL_Driver/Src/stm32f4xx_hal.c:128:26:HAL_InitTick	16	static
../Drivers/STM32F4xx_HAL_Driver/Src/stm32f4xx_hal.c:156:13:HAL_IncTick	4	static
../Drivers/STM32F4xx_HAL_Driver/Src/stm32f4xx_hal.c:162:17:HAL_GetTick	4	static
../Drivers/STM32F4xx_HAL_Driver/Src/stm32f4xx_hal.c:168:10:HAL_GetTickPrio	4	static
../Drivers/STM32F4xx_HAL_Driver/Src/stm32f4xx_hal.c:174:19:HAL_SetTickFreq	24	static
../Drivers/STM32F4xx_HAL_Driver/Src/stm32f4xx_hal.c:203:21:HAL_GetTickFreq	4	static
../Drivers/STM32F4xx_HAL_Driver/Src/stm32f4xx_hal.c:209:13:HAL_Delay	24	static
../Drivers/STM32F4xx_HAL_Driver/Src/stm32f4xx_hal.c:226:13:HAL_SuspendTick	4	static
../Drivers/STM32F4xx_HAL_Driver/Src/stm32f4xx_hal.c:233:13:HAL_ResumeTick	4	static
../Drivers/STM32F4xx_HAL_Driver/Src/stm32f4xx_hal.c:240:10:HAL_GetHalVersion	4	static
../Drivers/STM32F4xx_HAL_Driver/Src/stm32f4xx_hal.c:246:10:HAL_GetREVID	4	static
../Drivers/STM32F4xx_HAL_Driver/Src/stm32f4xx_hal.c:252:10:HAL_GetDEVID	4	static
../Drivers/STM32F4xx_HAL_Driver/Src/stm32f4xx_hal.c:258:6:HAL_DBGMCU_EnableDBGSleepMode	4	static
../Drivers/STM32F4xx_HAL_Driver/Src/stm32f4xx_hal.c:264:6:HAL_DBGMCU_DisableDBGSleepMode	4	static
../Drivers/STM32F4xx_HAL_Driver/Src/stm32f4xx_hal.c:270:6:HAL_DBGMCU_EnableDBGStopMode	4	static
../Drivers/STM32F4xx_HAL_Driver/Src/stm32f4xx_hal.c:276:6:HAL_DBGMCU_DisableDBGStopMode	4	static
../Drivers/STM32F4xx_HAL_Driver/Src/stm32f4xx_hal.c:282:6:HAL_DBGMCU_EnableDBGStandbyMode	4	static
../Drivers/STM32F4xx_HAL_Driver/Src/stm32f4xx_hal.c:288:6:HAL_DBGMCU_DisableDBGStandbyMode	4	static
../Drivers/STM32F4xx_HAL_Driver/Src/stm32f4xx_hal.c:294:6:HAL_EnableCompensationCell	4	static
../Drivers/STM32F4xx_HAL_Driver/Src/stm32f4xx_hal.c:300:6:HAL_DisableCompensationCell	4	static
../Drivers/STM32F4xx_HAL_Driver/Src/stm32f4xx_hal.c:306:10:HAL_GetUIDw0	4	static
../Drivers/STM32F4xx_HAL_Driver/Src/stm32f4xx_hal.c:312:10:HAL_GetUIDw1	4	static
../Drivers/STM32F4xx_HAL_Driver/Src/stm32f4xx_hal.c:318:10:HAL_GetUIDw2	4	static
