../Drivers/STM32F4xx_HAL_Driver/Src/stm32f4xx_hal_adc.c:29:19:HAL_ADC_Init	24	static
../Drivers/STM32F4xx_HAL_Driver/Src/stm32f4xx_hal_adc.c:118:19:HAL_ADC_DeInit	24	static
../Drivers/STM32F4xx_HAL_Driver/Src/stm32f4xx_hal_adc.c:339:13:HAL_ADC_MspInit	16	static
../Drivers/STM32F4xx_HAL_Driver/Src/stm32f4xx_hal_adc.c:347:13:HAL_ADC_MspDeInit	16	static
../Drivers/STM32F4xx_HAL_Driver/Src/stm32f4xx_hal_adc.c:359:19:HAL_ADC_Start	24	static
../Drivers/STM32F4xx_HAL_Driver/Src/stm32f4xx_hal_adc.c:472:19:HAL_ADC_Stop	16	static
../Drivers/STM32F4xx_HAL_Driver/Src/stm32f4xx_hal_adc.c:501:19:HAL_ADC_PollForConversion	24	static
../Drivers/STM32F4xx_HAL_Driver/Src/stm32f4xx_hal_adc.c:580:19:HAL_ADC_PollForEvent	32	static
../Drivers/STM32F4xx_HAL_Driver/Src/stm32f4xx_hal_adc.c:641:19:HAL_ADC_Start_IT	24	static
../Drivers/STM32F4xx_HAL_Driver/Src/stm32f4xx_hal_adc.c:757:19:HAL_ADC_Stop_IT	16	static
../Drivers/STM32F4xx_HAL_Driver/Src/stm32f4xx_hal_adc.c:789:6:HAL_ADC_IRQHandler	32	static
../Drivers/STM32F4xx_HAL_Driver/Src/stm32f4xx_hal_adc.c:947:19:HAL_ADC_Start_DMA	40	static
../Drivers/STM32F4xx_HAL_Driver/Src/stm32f4xx_hal_adc.c:1089:19:HAL_ADC_Stop_DMA	24	static
../Drivers/STM32F4xx_HAL_Driver/Src/stm32f4xx_hal_adc.c:1140:10:HAL_ADC_GetValue	16	static
../Drivers/STM32F4xx_HAL_Driver/Src/stm32f4xx_hal_adc.c:1147:13:HAL_ADC_ConvCpltCallback	16	static
../Drivers/STM32F4xx_HAL_Driver/Src/stm32f4xx_hal_adc.c:1155:13:HAL_ADC_ConvHalfCpltCallback	16	static
../Drivers/STM32F4xx_HAL_Driver/Src/stm32f4xx_hal_adc.c:1163:13:HAL_ADC_LevelOutOfWindowCallback	16	static
../Drivers/STM32F4xx_HAL_Driver/Src/stm32f4xx_hal_adc.c:1171:13:HAL_ADC_ErrorCallback	16	static
../Drivers/STM32F4xx_HAL_Driver/Src/stm32f4xx_hal_adc.c:1183:19:HAL_ADC_ConfigChannel	24	static
../Drivers/STM32F4xx_HAL_Driver/Src/stm32f4xx_hal_adc.c:1290:19:HAL_ADC_AnalogWDGConfig	16	static
../Drivers/STM32F4xx_HAL_Driver/Src/stm32f4xx_hal_adc.c:1351:10:HAL_ADC_GetState	16	static
../Drivers/STM32F4xx_HAL_Driver/Src/stm32f4xx_hal_adc.c:1358:10:HAL_ADC_GetError	16	static
../Drivers/STM32F4xx_HAL_Driver/Src/stm32f4xx_hal_adc.c:1368:13:ADC_Init	24	static
../Drivers/STM32F4xx_HAL_Driver/Src/stm32f4xx_hal_adc.c:1451:13:ADC_DMAConvCplt	24	static
../Drivers/STM32F4xx_HAL_Driver/Src/stm32f4xx_hal_adc.c:1515:13:ADC_DMAHalfConvCplt	24	static
../Drivers/STM32F4xx_HAL_Driver/Src/stm32f4xx_hal_adc.c:1527:13:ADC_DMAError	24	static
